Profiles:
  TwoOrgsChannel:
    Consortium: MyConsortium
    Application:
      Organizations:
      - Name: OrdererOrg1
        ID: OrdererMSP
        MSPDir: orderer dir
        MSPType: ""
        AdminPrincipal: ""
        AnchorPeers: []
      - Name: Org1
        ID: Org1MSP
        MSPDir: some dir
        MSPType: ""
        AdminPrincipal: ""
        AnchorPeers:
        - Host: some host
          Port: 1111
        - Host: some host
          Port: 2222
      - Name: Org2
        ID: Org2MSP
        MSPDir: some other dir
        MSPType: ""
        AdminPrincipal: ""
        AnchorPeers:
        - Host: my host
          Port: 3333
        - Host: some host
          Port: 4444
      Capabilities:
        V1_2: true
      Resources: null
    Orderer: null
    Consortiums: {}
    Capabilities:
      V1_1: true
  TwoOrgsOrdererGenesis:
    Consortium: ""
    Application:
      Organizations:
      - Name: OrdererOrg1
        ID: OrdererMSP
        MSPDir: orderer dir
        MSPType: ""
        AdminPrincipal: ""
        AnchorPeers: []
      Capabilities:
        V1_2: true
      Resources: null
    Orderer:
      OrdererType: solo
      Addresses:
      - 0.0.0.0:7050
      BatchTimeout: 1s
      BatchSize:
        MaxMessageCount: 1
        AbsoluteMaxBytes: 102760448
        PreferredMaxBytes: 524288
      Kafka:
        Brokers: []
      Organizations:
      - Name: OrdererOrg1
        ID: OrdererMSP
        MSPDir: orderer dir
        MSPType: ""
        AdminPrincipal: ""
        AnchorPeers: []
      MaxChannels: 0
      Capabilities:
        V1_1: true
    Consortiums:
      MyConsortium:
        Organizations:
        - Name: Org1
          ID: Org1MSP
          MSPDir: some dir
          MSPType: ""
          AdminPrincipal: ""
          AnchorPeers:
          - Host: some host
            Port: 1111
          - Host: some host
            Port: 2222
        - Name: Org2
          ID: Org2MSP
          MSPDir: some other dir
          MSPType: ""
          AdminPrincipal: ""
          AnchorPeers:
          - Host: my host
            Port: 3333
          - Host: some host
            Port: 4444
    Capabilities:
      V1_1: true
